

Working Directory = /users/iteso/iteso-s10043/designs/4004/syn_runs/13_05_25
QoS Summary for mcs4
================================================================================
Metric                          generic         map             syn_opt        
================================================================================
Slack (ps):                    40,436          38,836          38,759
  R2R (ps):                    45,000          42,241          42,244
  I2R (ps):                    40,436          38,836          38,759
  R2O (ps):                    42,141          40,955          40,865
  I2O (ps):                  no_value        no_value        no_value
  CG  (ps):                  no_value        no_value        no_value
TNS (ps):                           0               0               0
  R2R (ps):                         0               0               0
  I2R (ps):                         0               0               0
  R2O (ps):                         0               0               0
  I2O (ps):                  no_value        no_value        no_value
  CG  (ps):                  no_value        no_value        no_value
Failing Paths:                      0               0               0
Cell Area:                     13,728           6,957           7,027
Total Cell Area:               13,728           6,957           7,027
Leaf Instances:                 3,221           1,855           1,879
Total Instances:                3,221           1,855           1,879
Utilization (%):                 0.00            0.00            0.00
Tot. Net Length (um):        no_value        no_value        no_value
Avg. Net Length (um):        no_value        no_value        no_value
Route Overflow H (%):        no_value        no_value        no_value
Route Overflow V (%):        no_value        no_value        no_value
MBCI(%) (bits/gate) :            0.00            0.00            0.00
Norm Cong Hotspot Area:
  Max Cong:                  no_value        no_value        no_value
  Tot Cong:                  no_value        no_value        no_value
================================================================================
CPU  Runtime (h:m:s):        00:00:54        00:00:41        00:00:29
Real Runtime (h:m:s):        00:02:46        00:00:20        00:01:34
CPU  Elapsed (h:m:s):        00:01:00        00:01:42        00:02:11
Real Elapsed (h:m:s):        00:02:49        00:03:08        00:04:42
Memory (MB):                  1178.64         1183.92         1195.16
================================================================================
================================================================================
Flow Settings:
================================================================================
Total Runtime (h:m:s): 00:04:42
Total Memory (MB):     1195.16
Executable Version:    20.11-s111_1
================================================================================
Total Cell Area =  Cell Area + Physical Cell Area
Total Instances =  Leaf Instances + Physical Instances


