

Working Directory = /users/iteso/iteso-s10043/designs/4004/syn_runs/13_05_25_1020
QoS Summary for mcs4
================================================================================
Metric                          generic         map             syn_opt        
================================================================================

View : view_mcs4_slow
Slack (ps):                    45,156          41,940          43,111
  R2R (ps):                    46,196          41,940          43,111
  I2R (ps):                    45,156          43,190          44,214
  R2O (ps):                    45,847          45,111          45,110
  I2O (ps):                  no_value        no_value        no_value
  CG  (ps):                  no_value        no_value        no_value
TNS (ps):                           0               0               0
  R2R (ps):                         0               0               0
  I2R (ps):                         0               0               0
  R2O (ps):                         0               0               0
  I2O (ps):                  no_value        no_value        no_value
  CG  (ps):                  no_value        no_value        no_value
Failing Paths:                      0               0               0

View : view_mcs4_fast
Slack (ps):                    34,776          34,402          34,412
  R2R (ps):                    44,533          43,655          43,801
  I2R (ps):                    34,776          34,696          34,828
  R2O (ps):                    34,923          34,402          34,412
  I2O (ps):                  no_value        no_value        no_value
  CG  (ps):                  no_value        no_value        no_value
TNS (ps):                           0               0               0
  R2R (ps):                         0               0               0
  I2R (ps):                         0               0               0
  R2O (ps):                         0               0               0
  I2O (ps):                  no_value        no_value        no_value
  CG  (ps):                  no_value        no_value        no_value
Failing Paths:                      0               0               0

Cell Area:                         25           7,722           8,410
Total Cell Area:                   25           7,722           8,410
Leaf Instances:                 3,716           1,998           2,165
Total Instances:                3,716           1,998           2,165
Utilization (%):                 0.00            0.00            0.00
Tot. Net Length (um):        no_value        no_value        no_value
Avg. Net Length (um):        no_value        no_value        no_value
Route Overflow H (%):        no_value        no_value        no_value
Route Overflow V (%):        no_value        no_value        no_value
MBCI(%) (bits/gate) :            0.00            0.00            0.00
Norm Cong Hotspot Area:
  Max Cong:                  no_value        no_value        no_value
  Tot Cong:                  no_value        no_value        no_value
================================================================================
CPU  Runtime (h:m:s):        00:01:14        00:01:48        00:00:38
Real Runtime (h:m:s):        00:01:25        00:01:49        00:00:56
CPU  Elapsed (h:m:s):        00:01:22        00:03:09        00:03:47
Real Elapsed (h:m:s):        00:01:30        00:03:19        00:04:14
Memory (MB):                  1228.48         1227.32         1231.16
================================================================================
================================================================================
Flow Settings:
================================================================================
Total Runtime (h:m:s): 00:04:13
Total Memory (MB):     1231.16
Executable Version:    20.11-s111_1
================================================================================
Total Cell Area =  Cell Area + Physical Cell Area
Total Instances =  Leaf Instances + Physical Instances


